// Jest Snapshot v1, https://goo.gl/fbAQLP

exports[
  "Parser.getOutOfScopeLocations should exclude function for locations on declaration 1"
] = `
Array [
  Object {
    "end": Position {
      "column": 1,
      "line": 23,
    },
    "start": Position {
      "column": 14,
      "line": 3,
    },
  },
  Object {
    "end": Position {
      "column": 1,
      "line": 29,
    },
    "start": Position {
      "column": 16,
      "line": 25,
    },
  },
  Object {
    "end": Position {
      "column": 1,
      "line": 33,
    },
    "start": Position {
      "column": 20,
      "line": 31,
    },
  },
  Object {
    "end": Position {
      "column": 1,
      "line": 37,
    },
    "start": Position {
      "column": 26,
      "line": 35,
    },
  },
  Object {
    "end": Position {
      "column": 1,
      "line": 41,
    },
    "start": Position {
      "column": 20,
      "line": 39,
    },
  },
  Object {
    "end": Position {
      "column": 1,
      "line": 45,
    },
    "start": Position {
      "column": 31,
      "line": 43,
    },
  },
]
`;

exports[
  "Parser.getOutOfScopeLocations should exclude non-enclosing function blocks 1"
] = `
Array [
  Object {
    "end": Position {
      "column": 3,
      "line": 10,
    },
    "start": Position {
      "column": 16,
      "line": 8,
    },
  },
  Object {
    "end": Position {
      "column": 3,
      "line": 14,
    },
    "start": Position {
      "column": 22,
      "line": 12,
    },
  },
  Object {
    "end": Position {
      "column": 3,
      "line": 18,
    },
    "start": Position {
      "column": 16,
      "line": 16,
    },
  },
  Object {
    "end": Position {
      "column": 3,
      "line": 22,
    },
    "start": Position {
      "column": 27,
      "line": 20,
    },
  },
  Object {
    "end": Position {
      "column": 1,
      "line": 29,
    },
    "start": Position {
      "column": 16,
      "line": 25,
    },
  },
  Object {
    "end": Position {
      "column": 1,
      "line": 33,
    },
    "start": Position {
      "column": 20,
      "line": 31,
    },
  },
  Object {
    "end": Position {
      "column": 1,
      "line": 37,
    },
    "start": Position {
      "column": 26,
      "line": 35,
    },
  },
  Object {
    "end": Position {
      "column": 1,
      "line": 41,
    },
    "start": Position {
      "column": 20,
      "line": 39,
    },
  },
  Object {
    "end": Position {
      "column": 1,
      "line": 45,
    },
    "start": Position {
      "column": 31,
      "line": 43,
    },
  },
]
`;

exports["Parser.getOutOfScopeLocations should roll up function blocks 1"] = `
Array [
  Object {
    "end": Position {
      "column": 1,
      "line": 23,
    },
    "start": Position {
      "column": 14,
      "line": 3,
    },
  },
  Object {
    "end": Position {
      "column": 1,
      "line": 29,
    },
    "start": Position {
      "column": 16,
      "line": 25,
    },
  },
  Object {
    "end": Position {
      "column": 1,
      "line": 33,
    },
    "start": Position {
      "column": 20,
      "line": 31,
    },
  },
  Object {
    "end": Position {
      "column": 1,
      "line": 37,
    },
    "start": Position {
      "column": 26,
      "line": 35,
    },
  },
  Object {
    "end": Position {
      "column": 1,
      "line": 41,
    },
    "start": Position {
      "column": 20,
      "line": 39,
    },
  },
  Object {
    "end": Position {
      "column": 1,
      "line": 45,
    },
    "start": Position {
      "column": 31,
      "line": 43,
    },
  },
]
`;
