// Jest Snapshot v1, https://goo.gl/fbAQLP

exports[`mochi basic 1`] = `
Array [
  "[34mTEST-START[39m browser_dbg-chrome-create.js",
  "[34mTEST-SKIP[39m browser_dbg-chrome-create.js",
  "[34mTEST-START[39m browser_dbg-chrome-debugging.js",
  "[34mTEST-SKIP[39m browser_dbg-chrome-debugging.js",
  "[34mTEST-START[39m browser_dbg-breakpoints-cond.js",
  "   ADD_BREAKPOINT dispatched 1 time(s)",
  "   Waiting for DISABLE_BREAKPOINT to dispatch 1 time(s) $",
  "[34mTEST-SKIP[39m browser_dbg-chrome-create.js",
  " [36mTEST-PASS[39m undefined assertion name -",
  "  [31mJS warning: [39m\\"Loading failed for the <script> with source “http://example.com/browser/devtools/client/debugger/new/test/mochitest/examples/simple1.js”.\\" {file: \\"http://example.com/browser/devtools/client/debugger/new/test/mochitest/examples/doc-scripts.html\\" line: 11}]",
]
`;

exports[`mochi console_error 1`] = `
Array [
  "  [31mConsole Error[39m",
  "    NetworkEventActorProxy.methodFactory/< [2mnetwork-monitor.js 1689:5[22m",
  "    exports.makeInfallible/< [2mThreadSafeDevToolsUtils.js 109:14[22m",
  "    NetworkResponseListener.prototype._getSecurityInfo< [2mnetwork-monitor.js 495:5[22m",
  "    exports.makeInfallible/< [2mThreadSafeDevToolsUtils.js 109:14[22m",
  "    onStartRequest [2mnetwork-monitor.js 436:5[22m",
  "    ensureDOMPromiseRejectionsProcessed [2mPromiseTestUtils.jsm 117:5[22m",
  "    Tester.prototype.nextTest< [2mbrowser-test.js 447:7[22m",
  "    TaskImpl_run [2mTask.jsm 331:42[22m",
  "    TaskImpl_handleResultValue [2mTask.jsm 413:7[22m",
  "    TaskImpl_run [2mTask.jsm 339:15[22m",
  "    promise callback*TaskImpl_handleResultValue [2mTask.jsm 408:7[22m",
  "    TaskImpl_run [2mTask.jsm 339:15[22m",
  "    TaskImpl_handleResultValue [2mTask.jsm 413:7[22m",
  "    TaskImpl_run [2mTask.jsm 339:15[22m",
  "    TaskImpl_handleResultValue [2mTask.jsm 413:7[22m",
  "    TaskImpl_run [2mTask.jsm 339:15[22m",
  "    TaskImpl_handleResultValue [2mTask.jsm 413:7[22m",
  "    TaskImpl_run [2mTask.jsm 339:15[22m",
  "    TaskImpl [2mTask.jsm 280:3[22m",
  "    asyncFunction [2mTask.jsm 252:14[22m",
  "    testScope/test_finish/< [2mbrowser-test.js 1094:11[22m",
  "    run [2mbrowser-test.js 1031:9[22m",
  " Line: 1689, column: 0",
]
`;

exports[`mochi error 1`] = `
Array [
  "[34mTEST-START[39m browser_dbg_keyboard-shortcuts.js",
  "   Adding a new tab with URL: http://example.com/browser/devtools/client/debugger/new/test/mochitest/examples/doc-debugger-statements.html",
  "   Waiting for thread event 'paused' to fire.",
  "   Thread event 'paused' fired.",
  " [36mTEST-PASS[39m top frame's source is selected -",
  " [31mTEST-UNEXPECTED-FAIL[39m head.js:243 
[33m TypeError: lineInfo is null[39m",
  "
  [1mStack trace[22m",
  "   assertPausedLocation [2mhead.js 243:1[22m",
  "    [2mbrowser_dbg_keyboard-shortcuts.js 33:3[22m",
  "   Tester_execTest [2mbrowser-test.js 789:9[22m",
  "   Tester.prototype.nextTest</< [2mbrowser-test.js 689:7[22m",
  "   SimpleTest.waitForFocus/waitForFocusInner/focusedOrLoaded/< [2mSimpleTest.js 795:59[22m",
  "   Tester_execTest [2mbrowser-test.js 789:9[22m",
  "   Tester.prototype.nextTest</< [2mbrowser-test.js 689:7[22m",
  "   SimpleTest.waitForFocus/waitForFocusInner/focusedOrLoaded/< [2mSimpleTest.js 795:59[22m",
  "
",
  "143 INFO TEST-START | Shutdown",
  "[34mPassed[39m: 1",
  "[34mFailed[39m: 1",
  "[34mTodo[39m: 0",
  "[34mMode[39m: e10s",
  "[31mfailed test[39m:  devtools/client/debugger/new/test/mochitest/browser_dbg_keyboard-shortcuts.js ",
  "[31mfailed test[39m:  devtools/client/debugger/new/test/mochitest/browser_dbg_keyboard-navigation.js ",
]
`;

exports[`mochi full run 1`] = `
Array [
  "[34mTEST-START[39m browser_dbg-chrome-create.js",
  "[34mTEST-SKIP[39m browser_dbg-chrome-create.js",
  "[34mTEST-START[39m browser_dbg-chrome-debugging.js",
  "[34mTEST-SKIP[39m browser_dbg-chrome-debugging.js",
  "[34mTEST-START[39m browser_dbg-breaking-from-console.js",
  "   Adding a new tab with URL: http://example.com/browser/devtools/client/debugger/new/test/mochitest/examples/doc-script-switching.html",
  " [36mTEST-PASS[39m undefined assertion name -",
  "   Waiting for LOAD_SOURCE_TEXT to dispatch 1 time(s)",
  "   LOAD_SOURCE_TEXT dispatched 1 time(s)",
  " [36mTEST-PASS[39m undefined assertion name -",
  " [36mTEST-PASS[39m undefined assertion name -",
  " [36mTEST-PASS[39m undefined assertion name -",
  " [36mTEST-PASS[39m undefined assertion name -",
  " [36mTEST-PASS[39m Line is highlighted as paused -",
  " [36mTEST-PASS[39m expression is highlighted as paused -",
  "[32mTEST-OK[39m browser_dbg-breaking-from-console.js",
  "[34mTEST-START[39m browser_dbg-breaking.js",
  "   Adding a new tab with URL: http://example.com/browser/devtools/client/debugger/new/test/mochitest/examples/doc-scripts.html",
  "   Waiting for ADD_BREAKPOINT to dispatch 1 time(s)",
  "   ADD_BREAKPOINT dispatched 1 time(s)",
  "   Waiting for thread event 'paused' to fire.",
  "   Thread event 'paused' fired.",
  " [36mTEST-PASS[39m undefined assertion name -",
  " [36mTEST-PASS[39m undefined assertion name -",
  " [36mTEST-PASS[39m undefined assertion name -",
  " [36mTEST-PASS[39m Line is highlighted as paused -",
  "   Resuming",
  "   Waiting for thread event 'resumed' to fire.",
  "   Thread event 'resumed' fired.",
  "   Waiting for thread event 'paused' to fire.",
  "   Invoking function doEval in tab",
  "   Thread event 'paused' fired.",
  "   Resuming",
  "   Waiting for thread event 'resumed' to fire.",
  "   Thread event 'resumed' fired.",
  " [36mTEST-PASS[39m It is an eval source -",
  "   Waiting for ADD_BREAKPOINT to dispatch 1 time(s)",
  "   ADD_BREAKPOINT dispatched 1 time(s)",
  "   Invoking function evaledFunc in tab",
  "   Waiting for thread event 'paused' to fire.",
  "   Thread event 'paused' fired.",
  " [36mTEST-PASS[39m undefined assertion name -",
  " [36mTEST-PASS[39m undefined assertion name -",
  " [36mTEST-PASS[39m undefined assertion name -",
  " [36mTEST-PASS[39m Line is highlighted as paused -",
  " [36mTEST-PASS[39m expression is highlighted as paused -",
  "[32mTEST-OK[39m browser_dbg-breaking.js",
  "[34mTEST-START[39m browser_dbg-breakpoints-cond.js",
  "   Adding a new tab with URL: http://example.com/browser/devtools/client/debugger/new/test/mochitest/examples/doc-scripts.html",
  "   Selecting source: simple2",
  "   Waiting for ADD_BREAKPOINT to dispatch 1 time(s)",
  "   ADD_BREAKPOINT dispatched 1 time(s)",
  " [36mTEST-PASS[39m breakpoint is created with the condition -",
  " [36mTEST-PASS[39m Breakpoint exists on line 5 -",
  "   Waiting for SET_BREAKPOINT_CONDITION to dispatch 1 time(s)",
  "   SET_BREAKPOINT_CONDITION dispatched 1 time(s)",
  " [36mTEST-PASS[39m breakpoint is created with the condition -",
  " [36mTEST-PASS[39m Breakpoint exists on line 5 -",
  "   Waiting for REMOVE_BREAKPOINT to dispatch 1 time(s)",
  "   REMOVE_BREAKPOINT dispatched 1 time(s)",
  " [36mTEST-PASS[39m breakpoint was removed -",
  " [36mTEST-PASS[39m Breakpoint does not exist on line 5 -",
  "   Waiting for ADD_BREAKPOINT to dispatch 1 time(s)",
  "   ADD_BREAKPOINT dispatched 1 time(s)",
  "   Waiting for SET_BREAKPOINT_CONDITION to dispatch 1 time(s)",
  "   SET_BREAKPOINT_CONDITION dispatched 1 time(s)",
  " [36mTEST-PASS[39m breakpoint is created with the condition -",
  " [36mTEST-PASS[39m Breakpoint exists on line 5 -",
  "[32mTEST-OK[39m browser_dbg-breakpoints-cond.js",
  "[34mTEST-START[39m browser_dbg-breakpoints-reloading.js",
  "   Adding a new tab with URL: http://example.com/browser/devtools/client/debugger/new/test/mochitest/examples/doc-scripts.html",
  "   Selecting source: http://example.com/browser/devtools/client/debugger/new/test/mochitest/examples/simple1.js",
  "   Waiting for ADD_BREAKPOINT to dispatch 1 time(s)",
  "   ADD_BREAKPOINT dispatched 1 time(s)",
  "   Waiting for ADD_BREAKPOINT to dispatch 1 time(s)",
  "   ADD_BREAKPOINT dispatched 1 time(s)",
  "   Waiting on sources: simple1",
  "   Waiting for SYNC_BREAKPOINT to dispatch 2 time(s)",
  "   SYNC_BREAKPOINT dispatched 1 time(s)",
  "   SYNC_BREAKPOINT dispatched 2 time(s)",
  " [36mTEST-PASS[39m Breakpoint exists on line 4 -",
  " [36mTEST-PASS[39m Breakpoint exists on line 5 -",
  "[32mTEST-OK[39m browser_dbg-breakpoints-reloading.js",
  "[34mTEST-START[39m browser_dbg-breakpoints.js",
  "   Adding a new tab with URL: http://example.com/browser/devtools/client/debugger/new/test/mochitest/examples/doc-scripts.html",
  "   Selecting source: simple2",
  "   Waiting for ADD_BREAKPOINT to dispatch 1 time(s)",
  "   ADD_BREAKPOINT dispatched 1 time(s)",
  "   Waiting for ADD_BREAKPOINT to dispatch 1 time(s)",
  "   ADD_BREAKPOINT dispatched 1 time(s)",
  "   Waiting for DISABLE_BREAKPOINT to dispatch 1 time(s)",
  "   DISABLE_BREAKPOINT dispatched 1 time(s)",
  " [36mTEST-PASS[39m first breakpoint is disabled -",
  " [36mTEST-PASS[39m second breakpoint is enabled -",
  "   Waiting for DISABLE_BREAKPOINT to dispatch 1 time(s)",
  "   DISABLE_BREAKPOINT dispatched 1 time(s)",
  "   Waiting for ENABLE_BREAKPOINT to dispatch 1 time(s)",
  "   ENABLE_BREAKPOINT dispatched 1 time(s)",
  " [36mTEST-PASS[39m second breakpoint is enabled -",
  "   Adding a new tab with URL: http://example.com/browser/devtools/client/debugger/new/test/mochitest/examples/doc-scripts.html",
  "   Selecting source: simple2",
  "   Waiting for ADD_BREAKPOINT to dispatch 1 time(s)",
  "   ADD_BREAKPOINT dispatched 1 time(s)",
  "   Waiting for ADD_BREAKPOINT to dispatch 1 time(s)",
  "   ADD_BREAKPOINT dispatched 1 time(s)",
  "   Waiting for DISABLE_BREAKPOINT to dispatch 2 time(s)",
  "   DISABLE_BREAKPOINT dispatched 1 time(s)",
  "   DISABLE_BREAKPOINT dispatched 2 time(s)",
  " [36mTEST-PASS[39m first breakpoint is disabled -",
  " [36mTEST-PASS[39m second breakpoint is disabled -",
  "   Waiting for ENABLE_BREAKPOINT to dispatch 2 time(s)",
  "   ENABLE_BREAKPOINT dispatched 1 time(s)",
  "   ENABLE_BREAKPOINT dispatched 2 time(s)",
  " [36mTEST-PASS[39m first breakpoint is enabled -",
  " [36mTEST-PASS[39m second breakpoint is enabled -",
  "   Waiting for REMOVE_BREAKPOINT to dispatch 1 time(s)",
  "   REMOVE_BREAKPOINT dispatched 1 time(s)",
  "   Waiting for REMOVE_BREAKPOINT to dispatch 1 time(s)",
  "   REMOVE_BREAKPOINT dispatched 1 time(s)",
  " [36mTEST-PASS[39m breakpoints are removed -",
  "[32mTEST-OK[39m browser_dbg-breakpoints.js",
  "[34mTEST-START[39m browser_dbg-call-stack.js",
  "   Adding a new tab with URL: http://example.com/browser/devtools/client/debugger/new/test/mochitest/examples/doc-script-switching.html",
  " [36mTEST-PASS[39m Not paused message is shown -",
  "   Invoking function firstCall in tab",
  "   Waiting for thread event 'paused' to fire.",
  "   Thread event 'paused' fired.",
  " [36mTEST-PASS[39m the first frame is selected -",
  " [36mTEST-PASS[39m toggle button shouldn't be there -",
  "   Adding a new tab with URL: http://example.com/browser/devtools/client/debugger/new/test/mochitest/examples/doc-frames.html",
  "   Invoking function startRecursion in tab",
  "   Waiting for thread event 'paused' to fire.",
  "   Thread event 'paused' fired.",
  " [36mTEST-PASS[39m the first frame is selected -",
  " [36mTEST-PASS[39m toggle button should be expand -",
  " [36mTEST-PASS[39m There should be at most seven frames -",
  " [36mTEST-PASS[39m toggle button should be collapsed -",
  " [36mTEST-PASS[39m All of the frames should be shown -",
  "[32mTEST-OK[39m browser_dbg-call-stack.js",
  "[34mTEST-START[39m browser_dbg-console.js",
  "   Adding a new tab with URL: http://example.com/browser/devtools/client/debugger/new/test/mochitest/examples/doc-script-switching.html",
  "   Selecting source: switching-01",
  " [36mTEST-PASS[39m Split console is shown. -",
  " [36mTEST-PASS[39m Split console is shown. -",
  " [36mTEST-PASS[39m Split console is hidden. -",
  "[32mTEST-OK[39m browser_dbg-console.js",
  "[34mTEST-START[39m browser_dbg-debugger-buttons.js",
  "   Adding a new tab with URL: http://example.com/browser/devtools/client/debugger/new/test/mochitest/examples/doc-debugger-statements.html",
  "   Waiting for thread event 'paused' to fire.",
  "   Thread event 'paused' fired.",
  " [36mTEST-PASS[39m undefined assertion name -",
  " [36mTEST-PASS[39m undefined assertion name -",
  " [36mTEST-PASS[39m undefined assertion name -",
  " [36mTEST-PASS[39m Line is highlighted as paused -",
  " [36mTEST-PASS[39m expression is highlighted as paused -",
  "   Waiting for thread event 'paused' to fire.",
  "   Thread event 'paused' fired.",
  " [36mTEST-PASS[39m undefined assertion name -",
  " [36mTEST-PASS[39m undefined assertion name -",
  " [36mTEST-PASS[39m undefined assertion name -",
  " [36mTEST-PASS[39m Line is highlighted as paused -",
  " [36mTEST-PASS[39m expression is highlighted as paused -",
  "   Waiting for thread event 'paused' to fire.",
  "   Thread event 'paused' fired.",
  " [36mTEST-PASS[39m undefined assertion name -",
  " [36mTEST-PASS[39m undefined assertion name -",
  " [36mTEST-PASS[39m undefined assertion name -",
  " [36mTEST-PASS[39m Line is highlighted as paused -",
  " [36mTEST-PASS[39m expression is highlighted as paused -",
  "   Waiting for thread event 'paused' to fire.",
  "   Thread event 'paused' fired.",
  " [36mTEST-PASS[39m undefined assertion name -",
  " [36mTEST-PASS[39m undefined assertion name -",
  " [36mTEST-PASS[39m undefined assertion name -",
  " [36mTEST-PASS[39m Line is highlighted as paused -",
  " [36mTEST-PASS[39m expression is highlighted as paused -",
  "   Waiting for thread event 'paused' to fire.",
  "   Thread event 'paused' fired.",
  " [36mTEST-PASS[39m undefined assertion name -",
  " [36mTEST-PASS[39m undefined assertion name -",
  " [36mTEST-PASS[39m undefined assertion name -",
  " [36mTEST-PASS[39m Line is highlighted as paused -",
  " [36mTEST-PASS[39m expression is highlighted as paused -",
  "   Waiting for thread event 'paused' to fire.",
  "   Thread event 'paused' fired.",
  " [36mTEST-PASS[39m undefined assertion name -",
  " [36mTEST-PASS[39m undefined assertion name -",
  " [36mTEST-PASS[39m undefined assertion name -",
  " [36mTEST-PASS[39m Line is highlighted as paused -",
  " [36mTEST-PASS[39m expression is highlighted as paused -",
  "[32mTEST-OK[39m browser_dbg-debugger-buttons.js",
  "[34mTEST-START[39m browser_dbg-editor-gutter.js",
  "   Adding a new tab with URL: http://example.com/browser/devtools/client/debugger/new/test/mochitest/examples/doc-scripts.html",
  "   Selecting source: http://example.com/browser/devtools/client/debugger/new/test/mochitest/examples/simple1.js",
  "   Waiting for ADD_BREAKPOINT to dispatch 1 time(s)",
  "   ADD_BREAKPOINT dispatched 1 time(s)",
  " [36mTEST-PASS[39m One breakpoint exists -",
  " [36mTEST-PASS[39m Breakpoint exists on line 4 -",
  "   Waiting for REMOVE_BREAKPOINT to dispatch 1 time(s)",
  "   REMOVE_BREAKPOINT dispatched 1 time(s)",
  " [36mTEST-PASS[39m No breakpoints exist -",
  " [36mTEST-PASS[39m Breakpoint does not exist on line 4 -",
  "   Waiting for ADD_BREAKPOINT to dispatch 1 time(s)",
  "   ADD_BREAKPOINT dispatched 1 time(s)",
  " [36mTEST-PASS[39m One breakpoint exists -",
  " [36mTEST-PASS[39m Breakpoint has correct line -",
  " [36mTEST-PASS[39m Breakpoint does not exist on line 2 -",
  " [36mTEST-PASS[39m Breakpoint exists on line 4 -",
  "   Waiting for ADD_BREAKPOINT to dispatch 1 time(s)",
  "   ADD_BREAKPOINT dispatched 1 time(s)",
  " [36mTEST-PASS[39m One breakpoint exists -",
  " [36mTEST-PASS[39m Breakpoint does not exist on line 2 -",
  " [36mTEST-PASS[39m Breakpoint exists on line 4 -",
  "   Waiting for REMOVE_BREAKPOINT to dispatch 1 time(s)",
  "   REMOVE_BREAKPOINT dispatched 1 time(s)",
  " [36mTEST-PASS[39m No breakpoints exist -",
  " [36mTEST-PASS[39m Breakpoint does not exist on line 4 -",
  "[32mTEST-OK[39m browser_dbg-editor-gutter.js",
  "[34mTEST-START[39m browser_dbg-editor-highlight.js",
  "   Adding a new tab with URL: http://example.com/browser/devtools/client/debugger/new/test/mochitest/examples/doc-scripts.html",
  "   Waiting for LOAD_SOURCE_TEXT to dispatch 1 time(s)",
  "   LOAD_SOURCE_TEXT dispatched 1 time(s)",
  "   Selecting source: long.js",
  " [36mTEST-PASS[39m undefined assertion name -",
  " [36mTEST-PASS[39m Line is highlighted -",
  " [36mTEST-PASS[39m Highlighted line is visible -",
  " [36mTEST-PASS[39m Line is highlighted -",
  "   Selecting source: long.js",
  "   Selecting source: long.js",
  " [36mTEST-PASS[39m undefined assertion name -",
  " [36mTEST-PASS[39m Line is highlighted -",
  " [36mTEST-PASS[39m Highlighted line is visible -",
  " [36mTEST-PASS[39m Line is highlighted -",
  " [36mTEST-PASS[39m Only 1 line is highlighted -",
  "   Selecting source: simple1.js",
  " [36mTEST-PASS[39m undefined assertion name -",
  "   Waiting for LOAD_SOURCE_TEXT to dispatch 1 time(s)",
  "   LOAD_SOURCE_TEXT dispatched 1 time(s)",
  " [36mTEST-PASS[39m undefined assertion name -",
  " [36mTEST-PASS[39m undefined assertion name -",
  " [36mTEST-PASS[39m Line is highlighted -",
  " [36mTEST-PASS[39m Highlighted line is visible -",
  " [36mTEST-PASS[39m Line is highlighted -",
  "[32mTEST-OK[39m browser_dbg-editor-highlight.js",
  "[34mTEST-START[39m browser_dbg-editor-select.js",
  "   Adding a new tab with URL: http://example.com/browser/devtools/client/debugger/new/test/mochitest/examples/doc-scripts.html",
  "   Waiting for ADD_BREAKPOINT to dispatch 1 time(s)",
  "   ADD_BREAKPOINT dispatched 1 time(s)",
  " [36mTEST-PASS[39m No selected source -",
  "   Invoking function main in tab",
  "   Waiting for thread event 'paused' to fire.",
  "   Thread event 'paused' fired.",
  " [36mTEST-PASS[39m undefined assertion name -",
  " [36mTEST-PASS[39m undefined assertion name -",
  " [36mTEST-PASS[39m undefined assertion name -",
  " [36mTEST-PASS[39m Line is highlighted as paused -",
  " [36mTEST-PASS[39m expression is highlighted as paused -",
  "   Stepping in",
  "   Waiting for thread event 'paused' to fire.",
  "   Thread event 'paused' fired.",
  " [36mTEST-PASS[39m undefined assertion name -",
  " [36mTEST-PASS[39m undefined assertion name -",
  " [36mTEST-PASS[39m undefined assertion name -",
  " [36mTEST-PASS[39m Line is highlighted as paused -",
  " [36mTEST-PASS[39m expression is highlighted as paused -",
  "   Stepping out",
  "   Waiting for thread event 'paused' to fire.",
  "   Thread event 'paused' fired.",
  "   Stepping out",
  "   Waiting for thread event 'paused' to fire.",
  "   Thread event 'paused' fired.",
  " [36mTEST-PASS[39m undefined assertion name -",
  " [36mTEST-PASS[39m undefined assertion name -",
  " [36mTEST-PASS[39m undefined assertion name -",
  " [36mTEST-PASS[39m Line is highlighted as paused -",
  " [36mTEST-PASS[39m expression is highlighted as paused -",
  "   Resuming",
  "   Waiting for thread event 'resumed' to fire.",
  "   Thread event 'resumed' fired.",
  "   Waiting for ADD_BREAKPOINT to dispatch 1 time(s)",
  "   ADD_BREAKPOINT dispatched 1 time(s)",
  "   Invoking function testModel in tab",
  "   Waiting for thread event 'paused' to fire.",
  "   Thread event 'paused' fired.",
  " [36mTEST-PASS[39m undefined assertion name -",
  " [36mTEST-PASS[39m undefined assertion name -",
  " [36mTEST-PASS[39m undefined assertion name -",
  " [36mTEST-PASS[39m Line is highlighted as paused -",
  " [36mTEST-PASS[39m expression is highlighted as paused -",
  " [36mTEST-PASS[39m Breakpoint is visible -",
  "[32mTEST-OK[39m browser_dbg-editor-select.js",
  "[34mTEST-START[39m browser_dbg-expressions.js",
  "   Adding a new tab with URL: http://example.com/browser/devtools/client/debugger/new/test/mochitest/examples/doc-script-switching.html",
  "   Invoking function firstCall in tab",
  "   Waiting for thread event 'paused' to fire.",
  "   Thread event 'paused' fired.",
  "   Adding an expression",
  "   Waiting for EVALUATE_EXPRESSION to dispatch 1 time(s)",
  "   EVALUATE_EXPRESSION dispatched 1 time(s)",
  " [36mTEST-PASS[39m undefined assertion name -",
  " [36mTEST-PASS[39m undefined assertion name -",
  "   updating the expression",
  "   Waiting for EVALUATE_EXPRESSION to dispatch 1 time(s)",
  "   EVALUATE_EXPRESSION dispatched 1 time(s)",
  " [36mTEST-PASS[39m undefined assertion name -",
  " [36mTEST-PASS[39m undefined assertion name -",
  "   Adding an expression",
  "   Waiting for EVALUATE_EXPRESSION to dispatch 1 time(s)",
  "   EVALUATE_EXPRESSION dispatched 1 time(s)",
  " [36mTEST-PASS[39m undefined assertion name -",
  " [36mTEST-PASS[39m has a value -",
  "   Waiting for LOAD_OBJECT_PROPERTIES to dispatch 1 time(s)",
  "   LOAD_OBJECT_PROPERTIES dispatched 1 time(s)",
  "   Resuming",
  "   Resuming",
  " [36mTEST-PASS[39m undefined assertion name -",
  "[32mTEST-OK[39m browser_dbg-expressions.js",
  "[34mTEST-START[39m browser_dbg-iframes.js",
  "   Adding a new tab with URL: http://example.com/browser/devtools/client/debugger/new/test/mochitest/examples/doc-iframes.html",
  "   Waiting for thread event 'paused' to fire.",
  "   Thread event 'paused' fired.",
  " [36mTEST-PASS[39m undefined assertion name -",
  " [36mTEST-PASS[39m undefined assertion name -",
  " [36mTEST-PASS[39m undefined assertion name -",
  " [36mTEST-PASS[39m Line is highlighted as paused -",
  " [36mTEST-PASS[39m expression is highlighted as paused -",
  "   Resuming",
  "   Waiting for thread event 'resumed' to fire.",
  "   Thread event 'resumed' fired.",
  "   Waiting for thread event 'paused' to fire.",
  "   Thread event 'paused' fired.",
  " [36mTEST-PASS[39m undefined assertion name -",
  " [36mTEST-PASS[39m undefined assertion name -",
  " [36mTEST-PASS[39m undefined assertion name -",
  " [36mTEST-PASS[39m Line is highlighted as paused -",
  " [36mTEST-PASS[39m expression is highlighted as paused -",
  "   Resuming",
  "   Waiting for thread event 'resumed' to fire.",
  "   Thread event 'resumed' fired.",
  "   Waiting for thread event 'paused' to fire.",
  "   Thread event 'paused' fired.",
  " [36mTEST-PASS[39m undefined assertion name -",
  " [36mTEST-PASS[39m undefined assertion name -",
  " [36mTEST-PASS[39m undefined assertion name -",
  " [36mTEST-PASS[39m Line is highlighted as paused -",
  " [36mTEST-PASS[39m expression is highlighted as paused -",
  "[32mTEST-OK[39m browser_dbg-iframes.js",
  "[34mTEST-START[39m browser_dbg-navigation.js",
  "   Adding a new tab with URL: http://example.com/browser/devtools/client/debugger/new/test/mochitest/examples/doc-script-switching.html",
  "   Invoking function firstCall in tab",
  "   Waiting for thread event 'paused' to fire.",
  "   Thread event 'paused' fired.",
  "   Waiting on sources: simple1.js",
  "   Waiting for ADD_BREAKPOINT to dispatch 1 time(s)",
  "   ADD_BREAKPOINT dispatched 1 time(s)",
  "   Invoking function main in tab",
  "   Waiting for thread event 'paused' to fire.",
  "   Thread event 'paused' fired.",
  " [36mTEST-PASS[39m undefined assertion name -",
  " [36mTEST-PASS[39m undefined assertion name -",
  " [36mTEST-PASS[39m undefined assertion name -",
  " [36mTEST-PASS[39m Line is highlighted as paused -",
  " [36mTEST-PASS[39m expression is highlighted as paused -",
  " [36mTEST-PASS[39m 4 sources are loaded. -",
  "   Waiting for NAVIGATE to dispatch 1 time(s)",
  "   NAVIGATE dispatched 1 time(s)",
  " [36mTEST-PASS[39m 0 sources are loaded. -",
  " [36mTEST-PASS[39m No pause state exists -",
  "   Waiting on sources: simple1.js, simple2.js, long.js, scripts.html",
  " [36mTEST-PASS[39m 4 sources are loaded. -",
  "   Selecting source: long.js",
  "   Waiting on sources: long.js",
  " [36mTEST-PASS[39m Selected source is long.js -",
  " Handler function NetworkEventActorProxy.addSecurityInfo threw an exception: [Exception... \\"Component returned failure code: 0xc1f30001 (NS_ERROR_NOT_INITIALIZED) [nsIMessageSender.sendAsyncMessage]\\"  nsresult: \\"0xc1f30001 (NS_ERROR_NOT_INITIALIZED)\\"  location: \\"JS frame :: resource://gre/modules/commonjs/toolkit/loader.js -> resource://devtools/shared/webconsole/network-monitor.js :: NetworkEventActorProxy.methodFactory/< :: line 1689\\"  data: no]",
  " Stack: NetworkEventActorProxy.methodFactory/<@resource://gre/modules/commonjs/toolkit/loader.js -> resource://devtools/shared/webconsole/network-monitor.js:1689:5",
  " exports.makeInfallible/<@resource://gre/modules/commonjs/toolkit/loader.js -> resource://devtools/shared/ThreadSafeDevToolsUtils.js:109:14",
  " NetworkResponseListener.prototype._getSecurityInfo<@resource://gre/modules/commonjs/toolkit/loader.js -> resource://devtools/shared/webconsole/network-monitor.js:495:5",
  " exports.makeInfallible/<@resource://gre/modules/commonjs/toolkit/loader.js -> resource://devtools/shared/ThreadSafeDevToolsUtils.js:109:14",
  " onStartRequest@resource://gre/modules/commonjs/toolkit/loader.js -> resource://devtools/shared/webconsole/network-monitor.js:436:5",
  " ensureDOMPromiseRejectionsProcessed@resource://testing-common/PromiseTestUtils.jsm:117:5",
  " Tester.prototype.nextTest<@chrome://mochikit/content/browser-test.js:447:7",
  " TaskImpl_run@resource://gre/modules/Task.jsm:331:42",
  " TaskImpl_handleResultValue@resource://gre/modules/Task.jsm:413:7",
  " TaskImpl_run@resource://gre/modules/Task.jsm:339:15",
  " promise callback*TaskImpl_handleResultValue@resource://gre/modules/Task.jsm:408:7",
  " TaskImpl_run@resource://gre/modules/Task.jsm:339:15",
  " TaskImpl_handleResultValue@resource://gre/modules/Task.jsm:413:7",
  " TaskImpl_run@resource://gre/modules/Task.jsm:339:15",
  " TaskImpl_handleResultValue@resource://gre/modules/Task.jsm:413:7",
  " TaskImpl_run@resource://gre/modules/Task.jsm:339:15",
  " TaskImpl_handleResultValue@resource://gre/modules/Task.jsm:413:7",
  " TaskImpl_run@resource://gre/modules/Task.jsm:339:15",
  " TaskImpl@resource://gre/modules/Task.jsm:280:3",
  " asyncFunction@resource://gre/modules/Task.jsm:252:14",
  " testScope/test_finish/<@chrome://mochikit/content/browser-test.js:1094:11",
  " run@chrome://mochikit/content/browser-test.js:1031:9",
  " Line: 1689, column: 0",
  "  [31mConsole Error[39m",
  "    NetworkEventActorProxy.methodFactory/< [2mnetwork-monitor.js 1689:5[22m",
  "    exports.makeInfallible/< [2mThreadSafeDevToolsUtils.js 109:14[22m",
  "    NetworkResponseListener.prototype._getSecurityInfo< [2mnetwork-monitor.js 495:5[22m",
  "    exports.makeInfallible/< [2mThreadSafeDevToolsUtils.js 109:14[22m",
  "    onStartRequest [2mnetwork-monitor.js 436:5[22m",
  "    ensureDOMPromiseRejectionsProcessed [2mPromiseTestUtils.jsm 117:5[22m",
  "    Tester.prototype.nextTest< [2mbrowser-test.js 447:7[22m",
  "    TaskImpl_run [2mTask.jsm 331:42[22m",
  "    TaskImpl_handleResultValue [2mTask.jsm 413:7[22m",
  "    TaskImpl_run [2mTask.jsm 339:15[22m",
  "    promise callback*TaskImpl_handleResultValue [2mTask.jsm 408:7[22m",
  "    TaskImpl_run [2mTask.jsm 339:15[22m",
  "    TaskImpl_handleResultValue [2mTask.jsm 413:7[22m",
  "    TaskImpl_run [2mTask.jsm 339:15[22m",
  "    TaskImpl_handleResultValue [2mTask.jsm 413:7[22m",
  "    TaskImpl_run [2mTask.jsm 339:15[22m",
  "    TaskImpl_handleResultValue [2mTask.jsm 413:7[22m",
  "    TaskImpl_run [2mTask.jsm 339:15[22m",
  "    TaskImpl [2mTask.jsm 280:3[22m",
  "    asyncFunction [2mTask.jsm 252:14[22m",
  "    testScope/test_finish/< [2mbrowser-test.js 1094:11[22m",
  "    run [2mbrowser-test.js 1031:9[22m",
  " Line: 1689, column: 0",
  " Handler function NetworkEventActorProxy.addSecurityInfo threw an exception: [Exception... \\"Component returned failure code: 0xc1f30001 (NS_ERROR_NOT_INITIALIZED) [nsIMessageSender.sendAsyncMessage]\\"  nsresult: \\"0xc1f30001 (NS_ERROR_NOT_INITIALIZED)\\"  location: \\"JS frame :: resource://gre/modules/commonjs/toolkit/loader.js -> resource://devtools/shared/webconsole/network-monitor.js :: NetworkEventActorProxy.methodFactory/< :: line 1689\\"  data: no]",
  " Stack: NetworkEventActorProxy.methodFactory/<@resource://gre/modules/commonjs/toolkit/loader.js -> resource://devtools/shared/webconsole/network-monitor.js:1689:5",
  " exports.makeInfallible/<@resource://gre/modules/commonjs/toolkit/loader.js -> resource://devtools/shared/ThreadSafeDevToolsUtils.js:109:14",
  " NetworkResponseListener.prototype._getSecurityInfo<@resource://gre/modules/commonjs/toolkit/loader.js -> resource://devtools/shared/webconsole/network-monitor.js:495:5",
  " exports.makeInfallible/<@resource://gre/modules/commonjs/toolkit/loader.js -> resource://devtools/shared/ThreadSafeDevToolsUtils.js:109:14",
  " onStartRequest@resource://gre/modules/commonjs/toolkit/loader.js -> resource://devtools/shared/webconsole/network-monitor.js:436:5",
  " ensureDOMPromiseRejectionsProcessed@resource://testing-common/PromiseTestUtils.jsm:117:5",
  " Tester.prototype.nextTest<@chrome://mochikit/content/browser-test.js:447:7",
  " TaskImpl_run@resource://gre/modules/Task.jsm:331:42",
  " TaskImpl_handleResultValue@resource://gre/modules/Task.jsm:413:7",
  " TaskImpl_run@resource://gre/modules/Task.jsm:339:15",
  " promise callback*TaskImpl_handleResultValue@resource://gre/modules/Task.jsm:408:7",
  " TaskImpl_run@resource://gre/modules/Task.jsm:339:15",
  " TaskImpl_handleResultValue@resource://gre/modules/Task.jsm:413:7",
  " TaskImpl_run@resource://gre/modules/Task.jsm:339:15",
  " TaskImpl_handleResultValue@resource://gre/modules/Task.jsm:413:7",
  " TaskImpl_run@resource://gre/modules/Task.jsm:339:15",
  " TaskImpl_handleResultValue@resource://gre/modules/Task.jsm:413:7",
  " TaskImpl_run@resource://gre/modules/Task.jsm:339:15",
  " TaskImpl@resource://gre/modules/Task.jsm:280:3",
  " asyncFunction@resource://gre/modules/Task.jsm:252:14",
  " testScope/test_finish/<@chrome://mochikit/content/browser-test.js:1094:11",
  " run@chrome://mochikit/content/browser-test.js:1031:9",
  " Line: 1689, column: 0",
  "  [31mConsole Error[39m",
  "    NetworkEventActorProxy.methodFactory/< [2mnetwork-monitor.js 1689:5[22m",
  "    exports.makeInfallible/< [2mThreadSafeDevToolsUtils.js 109:14[22m",
  "    NetworkResponseListener.prototype._getSecurityInfo< [2mnetwork-monitor.js 495:5[22m",
  "    exports.makeInfallible/< [2mThreadSafeDevToolsUtils.js 109:14[22m",
  "    onStartRequest [2mnetwork-monitor.js 436:5[22m",
  "    ensureDOMPromiseRejectionsProcessed [2mPromiseTestUtils.jsm 117:5[22m",
  "    Tester.prototype.nextTest< [2mbrowser-test.js 447:7[22m",
  "    TaskImpl_run [2mTask.jsm 331:42[22m",
  "    TaskImpl_handleResultValue [2mTask.jsm 413:7[22m",
  "    TaskImpl_run [2mTask.jsm 339:15[22m",
  "    promise callback*TaskImpl_handleResultValue [2mTask.jsm 408:7[22m",
  "    TaskImpl_run [2mTask.jsm 339:15[22m",
  "    TaskImpl_handleResultValue [2mTask.jsm 413:7[22m",
  "    TaskImpl_run [2mTask.jsm 339:15[22m",
  "    TaskImpl_handleResultValue [2mTask.jsm 413:7[22m",
  "    TaskImpl_run [2mTask.jsm 339:15[22m",
  "    TaskImpl_handleResultValue [2mTask.jsm 413:7[22m",
  "    TaskImpl_run [2mTask.jsm 339:15[22m",
  "    TaskImpl [2mTask.jsm 280:3[22m",
  "    asyncFunction [2mTask.jsm 252:14[22m",
  "    testScope/test_finish/< [2mbrowser-test.js 1094:11[22m",
  "    run [2mbrowser-test.js 1031:9[22m",
  " Line: 1689, column: 0",
  " Handler function NetworkEventActorProxy.addSecurityInfo threw an exception: [Exception... \\"Component returned failure code: 0xc1f30001 (NS_ERROR_NOT_INITIALIZED) [nsIMessageSender.sendAsyncMessage]\\"  nsresult: \\"0xc1f30001 (NS_ERROR_NOT_INITIALIZED)\\"  location: \\"JS frame :: resource://gre/modules/commonjs/toolkit/loader.js -> resource://devtools/shared/webconsole/network-monitor.js :: NetworkEventActorProxy.methodFactory/< :: line 1689\\"  data: no]",
  " Stack: NetworkEventActorProxy.methodFactory/<@resource://gre/modules/commonjs/toolkit/loader.js -> resource://devtools/shared/webconsole/network-monitor.js:1689:5",
  " exports.makeInfallible/<@resource://gre/modules/commonjs/toolkit/loader.js -> resource://devtools/shared/ThreadSafeDevToolsUtils.js:109:14",
  " NetworkResponseListener.prototype._getSecurityInfo<@resource://gre/modules/commonjs/toolkit/loader.js -> resource://devtools/shared/webconsole/network-monitor.js:495:5",
  " exports.makeInfallible/<@resource://gre/modules/commonjs/toolkit/loader.js -> resource://devtools/shared/ThreadSafeDevToolsUtils.js:109:14",
  " onStartRequest@resource://gre/modules/commonjs/toolkit/loader.js -> resource://devtools/shared/webconsole/network-monitor.js:436:5",
  " ensureDOMPromiseRejectionsProcessed@resource://testing-common/PromiseTestUtils.jsm:117:5",
  " Tester.prototype.nextTest<@chrome://mochikit/content/browser-test.js:447:7",
  " TaskImpl_run@resource://gre/modules/Task.jsm:331:42",
  " TaskImpl_handleResultValue@resource://gre/modules/Task.jsm:413:7",
  " TaskImpl_run@resource://gre/modules/Task.jsm:339:15",
  " promise callback*TaskImpl_handleResultValue@resource://gre/modules/Task.jsm:408:7",
  " TaskImpl_run@resource://gre/modules/Task.jsm:339:15",
  " TaskImpl_handleResultValue@resource://gre/modules/Task.jsm:413:7",
  " TaskImpl_run@resource://gre/modules/Task.jsm:339:15",
  " TaskImpl_handleResultValue@resource://gre/modules/Task.jsm:413:7",
  " TaskImpl_run@resource://gre/modules/Task.jsm:339:15",
  " TaskImpl_handleResultValue@resource://gre/modules/Task.jsm:413:7",
  " TaskImpl_run@resource://gre/modules/Task.jsm:339:15",
  " TaskImpl@resource://gre/modules/Task.jsm:280:3",
  " asyncFunction@resource://gre/modules/Task.jsm:252:14",
  " testScope/test_finish/<@chrome://mochikit/content/browser-test.js:1094:11",
  " run@chrome://mochikit/content/browser-test.js:1031:9",
  " Line: 1689, column: 0",
  "  [31mConsole Error[39m",
  "    NetworkEventActorProxy.methodFactory/< [2mnetwork-monitor.js 1689:5[22m",
  "    exports.makeInfallible/< [2mThreadSafeDevToolsUtils.js 109:14[22m",
  "    NetworkResponseListener.prototype._getSecurityInfo< [2mnetwork-monitor.js 495:5[22m",
  "    exports.makeInfallible/< [2mThreadSafeDevToolsUtils.js 109:14[22m",
  "    onStartRequest [2mnetwork-monitor.js 436:5[22m",
  "    ensureDOMPromiseRejectionsProcessed [2mPromiseTestUtils.jsm 117:5[22m",
  "    Tester.prototype.nextTest< [2mbrowser-test.js 447:7[22m",
  "    TaskImpl_run [2mTask.jsm 331:42[22m",
  "    TaskImpl_handleResultValue [2mTask.jsm 413:7[22m",
  "    TaskImpl_run [2mTask.jsm 339:15[22m",
  "    promise callback*TaskImpl_handleResultValue [2mTask.jsm 408:7[22m",
  "    TaskImpl_run [2mTask.jsm 339:15[22m",
  "    TaskImpl_handleResultValue [2mTask.jsm 413:7[22m",
  "    TaskImpl_run [2mTask.jsm 339:15[22m",
  "    TaskImpl_handleResultValue [2mTask.jsm 413:7[22m",
  "    TaskImpl_run [2mTask.jsm 339:15[22m",
  "    TaskImpl_handleResultValue [2mTask.jsm 413:7[22m",
  "    TaskImpl_run [2mTask.jsm 339:15[22m",
  "    TaskImpl [2mTask.jsm 280:3[22m",
  "    asyncFunction [2mTask.jsm 252:14[22m",
  "    testScope/test_finish/< [2mbrowser-test.js 1094:11[22m",
  "    run [2mbrowser-test.js 1031:9[22m",
  " Line: 1689, column: 0",
  "[32mTEST-OK[39m browser_dbg-navigation.js",
  " Handler function NetworkEventActorProxy.addResponseContent threw an exception: [Exception... \\"Component returned failure code: 0xc1f30001 (NS_ERROR_NOT_INITIALIZED) [nsIMessageSender.sendAsyncMessage]\\"  nsresult: \\"0xc1f30001 (NS_ERROR_NOT_INITIALIZED)\\"  location: \\"JS frame :: resource://gre/modules/commonjs/toolkit/loader.js -> resource://devtools/shared/webconsole/network-monitor.js :: NetworkEventActorProxy.methodFactory/< :: line 1689\\"  data: no]",
  " Stack: NetworkEventActorProxy.methodFactory/<@resource://gre/modules/commonjs/toolkit/loader.js -> resource://devtools/shared/webconsole/network-monitor.js:1689:5",
  " exports.makeInfallible/<@resource://gre/modules/commonjs/toolkit/loader.js -> resource://devtools/shared/ThreadSafeDevToolsUtils.js:109:14",
  " _onComplete@resource://gre/modules/commonjs/toolkit/loader.js -> resource://devtools/shared/webconsole/network-monitor.js:620:5",
  " onStreamClose@resource://gre/modules/commonjs/toolkit/loader.js -> resource://devtools/shared/webconsole/network-monitor.js:569:7",
  " onInputStreamReady@resource://gre/modules/commonjs/toolkit/loader.js -> resource://devtools/shared/webconsole/network-monitor.js:668:7",
  " Line: 1689, column: 0",
  "  [31mConsole Error[39m",
  "    NetworkEventActorProxy.methodFactory/< [2mnetwork-monitor.js 1689:5[22m",
  "    exports.makeInfallible/< [2mThreadSafeDevToolsUtils.js 109:14[22m",
  "    _onComplete [2mnetwork-monitor.js 620:5[22m",
  "    onStreamClose [2mnetwork-monitor.js 569:7[22m",
  "    onInputStreamReady [2mnetwork-monitor.js 668:7[22m",
  " Line: 1689, column: 0",
  " Handler function NetworkEventActorProxy.addResponseContent threw an exception: [Exception... \\"Component returned failure code: 0xc1f30001 (NS_ERROR_NOT_INITIALIZED) [nsIMessageSender.sendAsyncMessage]\\"  nsresult: \\"0xc1f30001 (NS_ERROR_NOT_INITIALIZED)\\"  location: \\"JS frame :: resource://gre/modules/commonjs/toolkit/loader.js -> resource://devtools/shared/webconsole/network-monitor.js :: NetworkEventActorProxy.methodFactory/< :: line 1689\\"  data: no]",
  " Stack: NetworkEventActorProxy.methodFactory/<@resource://gre/modules/commonjs/toolkit/loader.js -> resource://devtools/shared/webconsole/network-monitor.js:1689:5",
  " exports.makeInfallible/<@resource://gre/modules/commonjs/toolkit/loader.js -> resource://devtools/shared/ThreadSafeDevToolsUtils.js:109:14",
  " _onComplete@resource://gre/modules/commonjs/toolkit/loader.js -> resource://devtools/shared/webconsole/network-monitor.js:620:5",
  " onStreamClose@resource://gre/modules/commonjs/toolkit/loader.js -> resource://devtools/shared/webconsole/network-monitor.js:569:7",
  " onInputStreamReady@resource://gre/modules/commonjs/toolkit/loader.js -> resource://devtools/shared/webconsole/network-monitor.js:668:7",
  " Line: 1689, column: 0",
  "  [31mConsole Error[39m",
  "    NetworkEventActorProxy.methodFactory/< [2mnetwork-monitor.js 1689:5[22m",
  "    exports.makeInfallible/< [2mThreadSafeDevToolsUtils.js 109:14[22m",
  "    _onComplete [2mnetwork-monitor.js 620:5[22m",
  "    onStreamClose [2mnetwork-monitor.js 569:7[22m",
  "    onInputStreamReady [2mnetwork-monitor.js 668:7[22m",
  " Line: 1689, column: 0",
  " Handler function NetworkEventActorProxy.addResponseContent threw an exception: [Exception... \\"Component returned failure code: 0xc1f30001 (NS_ERROR_NOT_INITIALIZED) [nsIMessageSender.sendAsyncMessage]\\"  nsresult: \\"0xc1f30001 (NS_ERROR_NOT_INITIALIZED)\\"  location: \\"JS frame :: resource://gre/modules/commonjs/toolkit/loader.js -> resource://devtools/shared/webconsole/network-monitor.js :: NetworkEventActorProxy.methodFactory/< :: line 1689\\"  data: no]",
  " Stack: NetworkEventActorProxy.methodFactory/<@resource://gre/modules/commonjs/toolkit/loader.js -> resource://devtools/shared/webconsole/network-monitor.js:1689:5",
  " exports.makeInfallible/<@resource://gre/modules/commonjs/toolkit/loader.js -> resource://devtools/shared/ThreadSafeDevToolsUtils.js:109:14",
  " _onComplete@resource://gre/modules/commonjs/toolkit/loader.js -> resource://devtools/shared/webconsole/network-monitor.js:620:5",
  " onStreamClose@resource://gre/modules/commonjs/toolkit/loader.js -> resource://devtools/shared/webconsole/network-monitor.js:569:7",
  " onInputStreamReady@resource://gre/modules/commonjs/toolkit/loader.js -> resource://devtools/shared/webconsole/network-monitor.js:668:7",
  " Line: 1689, column: 0",
  "  [31mConsole Error[39m",
  "    NetworkEventActorProxy.methodFactory/< [2mnetwork-monitor.js 1689:5[22m",
  "    exports.makeInfallible/< [2mThreadSafeDevToolsUtils.js 109:14[22m",
  "    _onComplete [2mnetwork-monitor.js 620:5[22m",
  "    onStreamClose [2mnetwork-monitor.js 569:7[22m",
  "    onInputStreamReady [2mnetwork-monitor.js 668:7[22m",
  " Line: 1689, column: 0",
  "   Console message: [JavaScript Warning: \\"Loading failed for the <script> with source “http://example.com/browser/devtools/client/debugger/new/test/mochitest/examples/simple1.js”.\\" {file: \\"http://example.com/browser/devtools/client/debugger/new/test/mochitest/examples/doc-scripts.html\\" line: 11}]",
  "[34mTEST-START[39m browser_dbg-pause-exceptions.js",
  "   Adding a new tab with URL: http://example.com/browser/devtools/client/debugger/new/test/mochitest/examples/doc-exceptions.html",
  "   Invoking function uncaughtException in tab",
  " [36mTEST-PASS[39m undefined assertion name -",
  "   Waiting for thread event 'resumed' to fire.",
  "   Thread event 'resumed' fired.",
  "   Invoking function uncaughtException in tab",
  "   Waiting for thread event 'paused' to fire.",
  "   Thread event 'paused' fired.",
  " [36mTEST-PASS[39m undefined assertion name -",
  " [36mTEST-PASS[39m undefined assertion name -",
  " [36mTEST-PASS[39m undefined assertion name -",
  " [36mTEST-PASS[39m Line is highlighted as paused -",
  " [36mTEST-PASS[39m expression is highlighted as paused -",
  "   Resuming",
  "   Waiting for thread event 'resumed' to fire.",
  "   Thread event 'resumed' fired.",
  "   Invoking function caughtException in tab",
  "   Waiting for thread event 'paused' to fire.",
  "   Thread event 'paused' fired.",
  " [36mTEST-PASS[39m undefined assertion name -",
  " [36mTEST-PASS[39m undefined assertion name -",
  " [36mTEST-PASS[39m undefined assertion name -",
  " [36mTEST-PASS[39m Line is highlighted as paused -",
  " [36mTEST-PASS[39m expression is highlighted as paused -",
  "   Resuming",
  "   Waiting for thread event 'resumed' to fire.",
  "   Thread event 'resumed' fired.",
  "   Waiting for thread event 'resumed' to fire.",
  "   Thread event 'resumed' fired.",
  "   Invoking function caughtException in tab",
  "   Waiting for thread event 'paused' to fire.",
  "   Thread event 'paused' fired.",
  " [36mTEST-PASS[39m undefined assertion name -",
  " [36mTEST-PASS[39m undefined assertion name -",
  " [36mTEST-PASS[39m undefined assertion name -",
  " [36mTEST-PASS[39m Line is highlighted as paused -",
  " [36mTEST-PASS[39m expression is highlighted as paused -",
  "   Resuming",
  "   Waiting for thread event 'resumed' to fire.",
  "   Thread event 'resumed' fired.",
  "[32mTEST-OK[39m browser_dbg-pause-exceptions.js",
  "[34mTEST-START[39m browser_dbg-pretty-print-paused.js",
  "   Adding a new tab with URL: http://example.com/browser/devtools/client/debugger/new/test/mochitest/examples/doc-minified.html",
  "   Selecting source: math.min.js",
  "   Waiting for ADD_BREAKPOINT to dispatch 1 time(s)",
  "   ADD_BREAKPOINT dispatched 1 time(s)",
  "   Invoking function arithmetic in tab",
  "   Waiting for thread event 'paused' to fire.",
  "   Thread event 'paused' fired.",
  " [36mTEST-PASS[39m undefined assertion name -",
  " [36mTEST-PASS[39m undefined assertion name -",
  " [36mTEST-PASS[39m undefined assertion name -",
  " [36mTEST-PASS[39m Line is highlighted as paused -",
  " [36mTEST-PASS[39m expression is highlighted as paused -",
  "   Waiting for SELECT_SOURCE to dispatch 1 time(s)",
  "   SELECT_SOURCE dispatched 1 time(s)",
  "   Resuming",
  "   Waiting for thread event 'resumed' to fire.",
  "   Thread event 'resumed' fired.",
  "[32mTEST-OK[39m browser_dbg-pretty-print-paused.js",
  "[34mTEST-START[39m browser_dbg-pretty-print.js",
  "   Adding a new tab with URL: http://example.com/browser/devtools/client/debugger/new/test/mochitest/examples/doc-minified.html",
  "   Selecting source: math.min.js",
  "   Waiting for SELECT_SOURCE to dispatch 1 time(s)",
  "   SELECT_SOURCE dispatched 1 time(s)",
  " [36mTEST-PASS[39m Pretty-printed source exists -",
  "   Waiting for ADD_BREAKPOINT to dispatch 1 time(s)",
  "   ADD_BREAKPOINT dispatched 1 time(s)",
  "   Invoking function arithmetic in tab",
  "   Waiting for thread event 'paused' to fire.",
  "   Thread event 'paused' fired.",
  " [36mTEST-PASS[39m undefined assertion name -",
  " [36mTEST-PASS[39m undefined assertion name -",
  " [36mTEST-PASS[39m undefined assertion name -",
  " [36mTEST-PASS[39m Line is highlighted as paused -",
  " [36mTEST-PASS[39m expression is highlighted as paused -",
  "   Stepping over",
  "   Waiting for thread event 'paused' to fire.",
  "   Thread event 'paused' fired.",
  " [36mTEST-PASS[39m undefined assertion name -",
  " [36mTEST-PASS[39m undefined assertion name -",
  " [36mTEST-PASS[39m undefined assertion name -",
  " [36mTEST-PASS[39m Line is highlighted as paused -",
  " [36mTEST-PASS[39m expression is highlighted as paused -",
  "   Resuming",
  "   Waiting for thread event 'resumed' to fire.",
  "   Thread event 'resumed' fired.",
  " [36mTEST-PASS[39m Footer is hidden -",
  "   Selecting source: math.min.js",
  " [36mTEST-PASS[39m Footer is hidden -",
  "[32mTEST-OK[39m browser_dbg-pretty-print.js",
  "[34mTEST-START[39m browser_dbg-scopes-mutations.js",
  "   Adding a new tab with URL: http://example.com/browser/devtools/client/debugger/new/test/mochitest/examples/doc-script-mutate.html",
  "   Waiting for thread event 'paused' to fire.",
  "   Invoking function mutate in tab",
  "   Thread event 'paused' fired.",
  " [36mTEST-PASS[39m The second element in the scope panel is \\"<this>\\" -",
  " [36mTEST-PASS[39m The third element in the scope panel is \\"phonebook\\" -",
  "   Waiting for LOAD_OBJECT_PROPERTIES to dispatch 1 time(s)",
  "   LOAD_OBJECT_PROPERTIES dispatched 1 time(s)",
  " [36mTEST-PASS[39m The fourth element in the scope panel is \\"S\\" -",
  "   Waiting for LOAD_OBJECT_PROPERTIES to dispatch 1 time(s)",
  "   LOAD_OBJECT_PROPERTIES dispatched 1 time(s)",
  " [36mTEST-PASS[39m The fifth element in the scope panel is \\"sarah\\" -",
  " [36mTEST-PASS[39m The sixth element in the scope panel is \\"serena\\" -",
  "   Waiting for LOAD_OBJECT_PROPERTIES to dispatch 1 time(s)",
  "   LOAD_OBJECT_PROPERTIES dispatched 1 time(s)",
  " [36mTEST-PASS[39m The sixth element in the scope panel is now \\"lastName\\" -",
  " [36mTEST-PASS[39m The \\"lastName\\" element has the expected \\"Doe\\" value -",
  "   Resuming",
  "   Waiting for thread event 'paused' to fire.",
  "   Resuming",
  "   Waiting for thread event 'resumed' to fire.",
  "   Thread event 'resumed' fired.",
  "   Thread event 'paused' fired.",
  " [36mTEST-PASS[39m The second element in the scope panel is \\"<this>\\" -",
  " [36mTEST-PASS[39m The third element in the scope panel is \\"phonebook\\" -",
  "[32mTEST-OK[39m browser_dbg-scopes-mutations.js",
  "[34mTEST-START[39m browser_dbg-scopes.js",
  "   Adding a new tab with URL: http://example.com/browser/devtools/client/debugger/new/test/mochitest/examples/doc-script-switching.html",
  "   Invoking function firstCall in tab",
  "   Waiting for thread event 'paused' to fire.",
  "   Thread event 'paused' fired.",
  " [36mTEST-PASS[39m undefined assertion name -",
  " [36mTEST-PASS[39m undefined assertion name -",
  " [36mTEST-PASS[39m undefined assertion name -",
  "   Waiting for LOAD_OBJECT_PROPERTIES to dispatch 1 time(s)",
  "   LOAD_OBJECT_PROPERTIES dispatched 1 time(s)",
  " [36mTEST-PASS[39m undefined assertion name -",
  "   Stepping over",
  "   Waiting for thread event 'paused' to fire.",
  "   Thread event 'paused' fired.",
  " [36mTEST-PASS[39m undefined assertion name -",
  " [36mTEST-PASS[39m undefined assertion name -",
  "[32mTEST-OK[39m browser_dbg-scopes.js",
  "[34mTEST-START[39m browser_dbg-search-file.js",
  "   Adding a new tab with URL: http://example.com/browser/devtools/client/debugger/new/test/mochitest/examples/doc-scripts.html",
  "   Selecting source: http://example.com/browser/devtools/client/debugger/new/test/mochitest/examples/simple1.js",
  " [36mTEST-PASS[39m undefined assertion name -",
  " [36mTEST-PASS[39m undefined assertion name -",
  " [36mTEST-PASS[39m undefined assertion name -",
  " [36mTEST-PASS[39m undefined assertion name -",
  " [36mTEST-PASS[39m undefined assertion name -",
  " [36mTEST-PASS[39m undefined assertion name -",
  "   Selecting source: simple2",
  " [36mTEST-PASS[39m undefined assertion name -",
  "[32mTEST-OK[39m browser_dbg-search-file.js",
  "[34mTEST-START[39m browser_dbg-search-sources.js",
  "   Adding a new tab with URL: http://example.com/browser/devtools/client/debugger/new/test/mochitest/examples/doc-script-switching.html",
  " [36mTEST-PASS[39m undefined assertion name -",
  " [36mTEST-PASS[39m undefined assertion name -",
  "   Waiting for LOAD_SOURCE_TEXT to dispatch 1 time(s)",
  "   LOAD_SOURCE_TEXT dispatched 1 time(s)",
  " [36mTEST-PASS[39m first source is selected -",
  "   Waiting for LOAD_SOURCE_TEXT to dispatch 1 time(s)",
  "   LOAD_SOURCE_TEXT dispatched 1 time(s)",
  " [36mTEST-PASS[39m second source is selected -",
  "[32mTEST-OK[39m browser_dbg-search-sources.js",
  "[34mTEST-START[39m browser_dbg-search-symbols.js",
  "   Adding a new tab with URL: http://example.com/browser/devtools/client/debugger/new/test/mochitest/examples/doc-script-switching.html",
  "   Selecting source: switching-01",
  "   Synthesizing key shortcut: CmdOrCtrl+Shift+O",
  " [36mTEST-PASS[39m undefined assertion name -",
  " [36mTEST-PASS[39m undefined assertion name -",
  "   Synthesizing key shortcut: CmdOrCtrl+Shift+O",
  " [36mTEST-PASS[39m undefined assertion name -",
  " [36mTEST-PASS[39m undefined assertion name -",
  "[32mTEST-OK[39m browser_dbg-search-symbols.js",
  "[34mTEST-START[39m browser_dbg-sourcemaps-bogus.js",
  "   Adding a new tab with URL: http://example.com/browser/devtools/client/debugger/new/test/mochitest/examples/doc-sourcemap-bogus.html",
  "   Selecting source: bogus-map.js",
  "   Waiting for ADD_BREAKPOINT to dispatch 1 time(s)",
  "   ADD_BREAKPOINT dispatched 1 time(s)",
  "   Invoking function runCode in tab",
  "   Waiting for thread event 'paused' to fire.",
  "   Thread event 'paused' fired.",
  " [36mTEST-PASS[39m undefined assertion name -",
  " [36mTEST-PASS[39m undefined assertion name -",
  " [36mTEST-PASS[39m undefined assertion name -",
  " [36mTEST-PASS[39m Line is highlighted as paused -",
  " [36mTEST-PASS[39m expression is highlighted as paused -",
  " [36mTEST-PASS[39m Only 1 source exists -",
  "[32mTEST-OK[39m browser_dbg-sourcemaps-bogus.js",
  "[34mTEST-START[39m browser_dbg-sourcemaps-reloading.js",
  "   Adding a new tab with URL: http://example.com/browser/devtools/client/debugger/new/test/mochitest/examples/doc-sourcemaps.html",
  "   Waiting on sources: entry.js, output.js, times2.js, opts.js",
  " [36mTEST-PASS[39m Original sources exist -",
  "   Selecting source: [object Object]",
  " [36mTEST-PASS[39m Original source text loaded correctly -",
  "   Waiting for ADD_BREAKPOINT to dispatch 1 time(s)",
  "   ADD_BREAKPOINT dispatched 1 time(s)",
  " [36mTEST-PASS[39m One breakpoint exists -",
  " [36mTEST-PASS[39m Breakpoint has correct line -",
  "   Waiting for ADD_BREAKPOINT to dispatch 1 time(s)",
  "   ADD_BREAKPOINT dispatched 1 time(s)",
  "   Waiting for DISABLE_BREAKPOINT to dispatch 1 time(s)",
  "   DISABLE_BREAKPOINT dispatched 1 time(s)",
  "   Waiting on sources: opts.js",
  "   Waiting for LOAD_SOURCE_TEXT to dispatch 1 time(s)",
  "   LOAD_SOURCE_TEXT dispatched 1 time(s)",
  " [36mTEST-PASS[39m One breakpoint exists -",
  " [36mTEST-PASS[39m Breakpoint has correct line -",
  " [36mTEST-PASS[39m Breakpoint has correct line -",
  " JavaScript error: resource://gre/modules/commonjs/toolkit/loader.js -> resource://devtools/client/shared/source-map/index.js, line 590: TypeError: this.worker is null",
  "   Console message: [JavaScript Error: \\"TypeError: this.worker is null\\" {file: \\"resource://gre/modules/commonjs/toolkit/loader.js -> resource://devtools/client/shared/source-map/index.js\\" line: 590}]",
  "[32mTEST-OK[39m browser_dbg-sourcemaps-reloading.js",
  "[34mTEST-START[39m browser_dbg-sourcemaps.js",
  "   Adding a new tab with URL: http://example.com/browser/devtools/client/debugger/new/test/mochitest/examples/doc-sourcemaps.html",
  "   Waiting on sources: entry.js, output.js, times2.js, opts.js",
  " [36mTEST-PASS[39m Original sources exist -",
  "   Selecting source: [object Object]",
  "   Waiting for ADD_BREAKPOINT to dispatch 1 time(s)",
  "   ADD_BREAKPOINT dispatched 1 time(s)",
  " [36mTEST-PASS[39m Breakpoint exists on line 13 -",
  "   Waiting for REMOVE_BREAKPOINT to dispatch 1 time(s)",
  "   REMOVE_BREAKPOINT dispatched 1 time(s)",
  " [36mTEST-PASS[39m No breakpoints exists -",
  "   Selecting source: [object Object]",
  " [36mTEST-PASS[39m Original source text loaded correctly -",
  "   Waiting for ADD_BREAKPOINT to dispatch 1 time(s)",
  "   ADD_BREAKPOINT dispatched 1 time(s)",
  " [36mTEST-PASS[39m One breakpoint exists -",
  " [36mTEST-PASS[39m Breakpoint has correct line -",
  "   Waiting for ADD_BREAKPOINT to dispatch 1 time(s)",
  "   ADD_BREAKPOINT dispatched 1 time(s)",
  " [36mTEST-PASS[39m Two breakpoints exist -",
  " [36mTEST-PASS[39m Breakpoint has correct line -",
  "   Invoking function keepMeAlive in tab",
  "   Waiting for thread event 'paused' to fire.",
  "   Thread event 'paused' fired.",
  " [36mTEST-PASS[39m undefined assertion name -",
  " [36mTEST-PASS[39m undefined assertion name -",
  " [36mTEST-PASS[39m undefined assertion name -",
  " [36mTEST-PASS[39m Line is highlighted as paused -",
  " [36mTEST-PASS[39m expression is highlighted as paused -",
  "   Stepping in",
  "   Waiting for thread event 'paused' to fire.",
  "   Thread event 'paused' fired.",
  " [36mTEST-PASS[39m undefined assertion name -",
  " [36mTEST-PASS[39m undefined assertion name -",
  " [36mTEST-PASS[39m undefined assertion name -",
  " [36mTEST-PASS[39m Line is highlighted as paused -",
  " [36mTEST-PASS[39m expression is highlighted as paused -",
  "   Stepping over",
  "   Waiting for thread event 'paused' to fire.",
  "   Thread event 'paused' fired.",
  " [36mTEST-PASS[39m undefined assertion name -",
  " [36mTEST-PASS[39m undefined assertion name -",
  " [36mTEST-PASS[39m undefined assertion name -",
  " [36mTEST-PASS[39m Line is highlighted as paused -",
  " [36mTEST-PASS[39m expression is highlighted as paused -",
  "   Stepping out",
  "   Waiting for thread event 'paused' to fire.",
  "   Thread event 'paused' fired.",
  "   Stepping out",
  "   Waiting for thread event 'paused' to fire.",
  "   Thread event 'paused' fired.",
  " [36mTEST-PASS[39m undefined assertion name -",
  " [36mTEST-PASS[39m undefined assertion name -",
  " [36mTEST-PASS[39m undefined assertion name -",
  " [36mTEST-PASS[39m Line is highlighted as paused -",
  " [36mTEST-PASS[39m expression is highlighted as paused -",
  "[32mTEST-OK[39m browser_dbg-sourcemaps.js",
  "[34mTEST-START[39m browser_dbg-sourcemaps2.js",
  "   Adding a new tab with URL: http://example.com/browser/devtools/client/debugger/new/test/mochitest/examples/doc-sourcemaps2.html",
  "   Waiting on sources: main.js, main.min.js",
  " [36mTEST-PASS[39m Original sources exist -",
  "   Selecting source: [object Object]",
  "   Waiting for ADD_BREAKPOINT to dispatch 1 time(s)",
  "   ADD_BREAKPOINT dispatched 1 time(s)",
  " [36mTEST-PASS[39m One breakpoint exists -",
  " [36mTEST-PASS[39m Breakpoint has correct line -",
  "   Invoking function logMessage in tab",
  "   Waiting for thread event 'paused' to fire.",
  "   Thread event 'paused' fired.",
  " [36mTEST-PASS[39m undefined assertion name -",
  " [36mTEST-PASS[39m undefined assertion name -",
  " [36mTEST-PASS[39m undefined assertion name -",
  " [36mTEST-PASS[39m Line is highlighted as paused -",
  " [36mTEST-PASS[39m expression is highlighted as paused -",
  "[32mTEST-OK[39m browser_dbg-sourcemaps2.js",
  "[34mTEST-START[39m browser_dbg-sources.js",
  "   Adding a new tab with URL: http://example.com/browser/devtools/client/debugger/new/test/mochitest/examples/doc-sources.html",
  "   Console message: [JavaScript Warning: \\"Loading failed for the <script> with source “http://example.com/browser/devtools/client/debugger/new/test/mochitest/examples/nested/deeper/deeper-source.js”.\\" {file: \\"http://example.com/browser/devtools/client/debugger/new/test/mochitest/examples/doc-sources.html\\" line: 22}]",
  "   Waiting on sources: simple1, simple2, nested-source, long.js",
  " [36mTEST-PASS[39m undefined assertion name -",
  " [36mTEST-PASS[39m undefined assertion name -",
  " [36mTEST-PASS[39m undefined assertion name -",
  " [36mTEST-PASS[39m Source is not focused -",
  "   Waiting for SELECT_SOURCE to dispatch 1 time(s)",
  "   SELECT_SOURCE dispatched 1 time(s)",
  " [36mTEST-PASS[39m Source is focused -",
  " [36mTEST-PASS[39m The right source is selected -",
  " [36mTEST-PASS[39m The dynamic script exists -",
  "   Adding a new tab with URL: http://example.com/browser/devtools/client/debugger/new/test/mochitest/examples/doc-sources.html",
  "   Console message: [JavaScript Warning: \\"Loading failed for the <script> with source “http://example.com/browser/devtools/client/debugger/new/test/mochitest/examples/nested/deeper/deeper-source.js”.\\" {file: \\"http://example.com/browser/devtools/client/debugger/new/test/mochitest/examples/doc-sources.html\\" line: 22}]",
  "   Waiting on sources: simple1, simple2, nested-source, long.js",
  " [36mTEST-PASS[39m the folder exists -",
  " [36mTEST-PASS[39m the eval script exists -",
  "[32mTEST-OK[39m browser_dbg-sources.js",
  "[34mTEST-START[39m browser_dbg-tabs.js",
  "   Adding a new tab with URL: http://example.com/browser/devtools/client/debugger/new/test/mochitest/examples/doc-scripts.html",
  "   Selecting source: simple1",
  "   Selecting source: simple2",
  " [36mTEST-PASS[39m undefined assertion name -",
  "   Waiting on sources: simple1, simple2",
  " [36mTEST-PASS[39m undefined assertion name -",
  "   Waiting on sources: simple1, simple2",
  " [36mTEST-PASS[39m undefined assertion name -",
  "   Adding a new tab with URL: http://example.com/browser/devtools/client/debugger/new/test/mochitest/examples/doc-scripts.html",
  "   Selecting source: simple1",
  "   Selecting source: simple2",
  "   Closing tab: simple1",
  "   Closing tab: simple2",
  "   Waiting on sources: simple1, simple2",
  " [36mTEST-PASS[39m undefined assertion name -",
  "   Console message: [JavaScript Warning: \\"Loading failed for the <script> with source “http://example.com/browser/devtools/client/debugger/new/test/mochitest/examples/simple1.js”.\\" {file: \\"http://example.com/browser/devtools/client/debugger/new/test/mochitest/examples/doc-scripts.html\\" line: 11}]",
  "[32mTEST-OK[39m browser_dbg-tabs.js",
  "[34mTEST-START[39m browser_dbg-toggling-tools.js",
  "   Adding a new tab with URL: http://example.com/browser/devtools/client/debugger/new/test/mochitest/examples/doc-scripts.html",
  "   Selecting source: long",
  " [36mTEST-PASS[39m undefined assertion name -",
  "[32mTEST-OK[39m browser_dbg-toggling-tools.js",
  "[34mTEST-START[39m browser_dbg_keyboard-shortcuts.js",
  "   Adding a new tab with URL: http://example.com/browser/devtools/client/debugger/new/test/mochitest/examples/doc-debugger-statements.html",
  "   Waiting for thread event 'paused' to fire.",
  "   Thread event 'paused' fired.",
  " [36mTEST-PASS[39m undefined assertion name -",
  " [36mTEST-PASS[39m undefined assertion name -",
  " [36mTEST-PASS[39m undefined assertion name -",
  " [36mTEST-PASS[39m Line is highlighted as paused -",
  " [36mTEST-PASS[39m expression is highlighted as paused -",
  "   Waiting for thread event 'paused' to fire.",
  "   Thread event 'paused' fired.",
  " [36mTEST-PASS[39m undefined assertion name -",
  " [36mTEST-PASS[39m undefined assertion name -",
  " [36mTEST-PASS[39m undefined assertion name -",
  " [36mTEST-PASS[39m Line is highlighted as paused -",
  " [36mTEST-PASS[39m expression is highlighted as paused -",
  "   Waiting for thread event 'paused' to fire.",
  "   Thread event 'paused' fired.",
  " [36mTEST-PASS[39m undefined assertion name -",
  " [36mTEST-PASS[39m undefined assertion name -",
  " [36mTEST-PASS[39m undefined assertion name -",
  " [36mTEST-PASS[39m Line is highlighted as paused -",
  " [36mTEST-PASS[39m expression is highlighted as paused -",
  "   Waiting for thread event 'paused' to fire.",
  "   Thread event 'paused' fired.",
  " [36mTEST-PASS[39m undefined assertion name -",
  " [36mTEST-PASS[39m undefined assertion name -",
  " [36mTEST-PASS[39m undefined assertion name -",
  " [36mTEST-PASS[39m Line is highlighted as paused -",
  " [36mTEST-PASS[39m expression is highlighted as paused -",
  "   Waiting for thread event 'paused' to fire.",
  "   Thread event 'paused' fired.",
  " [36mTEST-PASS[39m undefined assertion name -",
  " [36mTEST-PASS[39m undefined assertion name -",
  " [36mTEST-PASS[39m undefined assertion name -",
  " [36mTEST-PASS[39m Line is highlighted as paused -",
  " [36mTEST-PASS[39m expression is highlighted as paused -",
  "[32mTEST-OK[39m browser_dbg_keyboard-shortcuts.js",
  "[34mTEST-START[39m browser_dbg_keyboard_navigation.js",
  "   Adding a new tab with URL: http://example.com/browser/devtools/client/debugger/new/test/mochitest/examples/doc-scripts.html",
  "   Selecting source: simple2",
  " [36mTEST-PASS[39m Editor is enabled -",
  " [36mTEST-PASS[39m Focused on container -",
  " [36mTEST-PASS[39m Editor is enabled -",
  "[32mTEST-OK[39m browser_dbg_keyboard_navigation.js",
  "5639 INFO TEST-START | Shutdown",
  "[34mPassed[39m: 313",
  "[34mFailed[39m: 0",
  "[34mTodo[39m: 0",
  "[34mMode[39m: e10s",
]
`;
