// Jest Snapshot v1, https://goo.gl/fbAQLP

exports[`Accordion basic render 1`] = `
<div
  className="accordion"
>
  <div
    className="accordion-item-1"
    key="0"
  >
    <div
      className="_header"
      onClick={[Function]}
    >
      <Svg
        className="expanded"
        name="arrow"
      />
      Test Accordion Item 1
    </div>
    <div
      className="_content"
    >
      <div />
    </div>
  </div>
  <div
    className="accordion-item-2"
    key="1"
  >
    <div
      className="_header"
      onClick={[Function]}
    >
      <Svg
        className=""
        name="arrow"
      />
      Test Accordion Item 2
      <div
        className="header-buttons"
      >
        <button />
      </div>
    </div>
  </div>
  <div
    className="accordion-item-3"
    key="2"
  >
    <div
      className="_header"
      onClick={[Function]}
    >
      <Svg
        className="expanded"
        name="arrow"
      />
      Test Accordion Item 3
    </div>
    <div
      className="_content"
    >
      <div />
    </div>
  </div>
</div>
`;
