// Jest Snapshot v1, https://goo.gl/fbAQLP

exports[`ExceptionOption renders with values 1`] = `
<div
  className="testClassName"
>
  <label
    className="breakpoint-exceptions-label"
    htmlFor="breakpoint-exceptions-checkbox"
  >
    <input
      checked="checked"
      id="breakpoint-exceptions-checkbox"
      onChange={[Function]}
      type="checkbox"
    />
    testLabel
  </label>
</div>
`;
