// Jest Snapshot v1, https://goo.gl/fbAQLP

exports[`SearchBar should render 1`] = `
<div
  className="search-bar"
>
  <SearchInput
    handleClose={[Function]}
    handleNext={[Function]}
    handlePrev={[Function]}
    onChange={[Function]}
    onKeyDown={[Function]}
    placeholder="Search in file…"
    query=""
    showErrorEmoji={true}
    size=""
    summaryMsg=""
  />
  <div
    className="search-bottom-bar"
  >
    <div
      className="search-modifiers"
    >
      <span
        className="search-type-name"
      >
        Modifiers:
      </span>
      <SearchModBtn
        className="regex-match-btn"
        modVal="regexMatch"
        svgName="regex-match"
        tooltip="Regex"
      />
      <SearchModBtn
        className="case-sensitive-btn"
        modVal="caseSensitive"
        svgName="case-match"
        tooltip="Case sensitive"
      />
      <SearchModBtn
        className="whole-word-btn"
        modVal="wholeWord"
        svgName="whole-word-match"
        tooltip="Whole word"
      />
    </div>
  </div>
</div>
`;

exports[`doSearch should complete a search 1`] = `"query"`;
