// Jest Snapshot v1, https://goo.gl/fbAQLP

exports[`ast setSymbols when the source is loaded should be able to set symbols 1`] = `
Object {
  "functions": Array [
    Object {
      "location": Object {
        "end": Object {
          "column": 21,
          "line": 1,
        },
        "start": Object {
          "column": 0,
          "line": 1,
        },
      },
      "name": "base",
    },
  ],
  "variables": Array [
    Object {
      "location": Object {
        "end": Object {
          "column": 17,
          "line": 1,
        },
        "identifierName": "boo",
        "start": Object {
          "column": 14,
          "line": 1,
        },
      },
      "name": "boo",
    },
  ],
}
`;
