// Jest Snapshot v1, https://goo.gl/fbAQLP

exports[`createPrettySource returns a pretty source for a minified file 1`] = `
Object {
  "contentType": "text/javascript",
  "frames": undefined,
  "id": undefined,
  "isPrettyPrinted": true,
  "loading": false,
  "text": "undefined
",
  "url": "http://localhost:8000/examples/base.js:formatted",
}
`;
